../Core/Src/main.c:79:5:_write	24	static
../Core/Src/main.c:87:6:SD_Select	8	static
../Core/Src/main.c:91:6:SD_Deselect	8	static
../Core/Src/main.c:104:5:main	16	static
../Core/Src/main.c:188:6:SystemClock_Config	80	static
../Core/Src/main.c:228:13:MX_I2C1_Init	8	static
../Core/Src/main.c:262:13:MX_SPI1_Init	8	static
../Core/Src/main.c:300:13:MX_SPI2_Init	8	static
../Core/Src/main.c:338:13:MX_USART2_UART_Init	8	static
../Core/Src/main.c:371:13:MX_GPIO_Init	40	static
../Core/Src/main.c:393:6:capture_and_store_image1	576	static
../Core/Src/main.c:495:6:setup_sd_card	16	static
../Core/Src/main.c:506:6:capture_and_store_image	56	static
../Core/Src/main.c:575:6:capture_and_store_video	584	static
../Core/Src/main.c:697:9:create_text_file	584	static
../Core/Src/main.c:733:6:Error_Handler	4	static
