../Core/Src/barometer.c:118:13:ms5611_init_S	8	static
../Core/Src/barometer.c:135:13:ms5611_write_S	24	static
../Core/Src/barometer.c:143:17:ms5611_read16bits_S	32	static
../Core/Src/barometer.c:160:17:ms5611_read24bits_S	32	static
../Core/Src/barometer.c:171:17:ms5611_readRawTemp_S	16	static
../Core/Src/barometer.c:184:17:ms5611_readRawPressure_S	16	static
../Core/Src/barometer.c:197:6:Barometer_init_S	8	static
../Core/Src/barometer.c:202:6:Barometer_setOSR	16	static
../Core/Src/barometer.c:235:9:Barometer_getTemp_S	16	static
../Core/Src/barometer.c:244:9:Barometer_getPressure_S	16	static
../Core/Src/barometer.c:253:7:Barometer_getAltitude_S	16	static
../Core/Src/barometer.c:262:6:Barometer_calculate_S	368	static
../Core/Src/barometer.c:298:13:ms5611_init_E	8	static
../Core/Src/barometer.c:315:13:ms5611_write_E	24	static
../Core/Src/barometer.c:323:17:ms5611_read16bits_E	32	static
../Core/Src/barometer.c:335:17:ms5611_read24bits_E	32	static
../Core/Src/barometer.c:347:17:ms5611_readRawTemp_E	16	static
../Core/Src/barometer.c:357:17:ms5611_readRawPressure_E	16	static
../Core/Src/barometer.c:366:6:Barometer_calculate_E	368	static
../Core/Src/barometer.c:401:13:ms5611_init_W	8	static
../Core/Src/barometer.c:418:13:ms5611_write_W	24	static
../Core/Src/barometer.c:426:17:ms5611_read16bits_W	32	static
../Core/Src/barometer.c:438:17:ms5611_read24bits_W	32	static
../Core/Src/barometer.c:450:17:ms5611_readRawTemp_W	16	static
../Core/Src/barometer.c:460:17:ms5611_readRawPressure_W	16	static
../Core/Src/barometer.c:471:6:Barometer_init_E	8	static
../Core/Src/barometer.c:476:6:Barometer_init_W	8	static
../Core/Src/barometer.c:480:6:Barometer_calculate_W	368	static
../Core/Src/barometer.c:515:9:Barometer_getTemp_E	16	static
../Core/Src/barometer.c:524:9:Barometer_getPressure_E	16	static
../Core/Src/barometer.c:533:7:Barometer_getAltitude_E	16	static
../Core/Src/barometer.c:542:9:Barometer_getTemp_W	16	static
../Core/Src/barometer.c:551:9:Barometer_getPressure_W	16	static
../Core/Src/barometer.c:560:7:Barometer_getAltitude_W	16	static
