../Core/Src/main.c:82:5:_write	24	static
../Core/Src/main.c:99:5:main	152	static
../Core/Src/main.c:337:6:SystemClock_Config	80	static
../Core/Src/main.c:379:13:MX_SPI2_Init	8	static
../Core/Src/main.c:417:13:MX_SPI3_Init	8	static
../Core/Src/main.c:455:13:MX_USART1_UART_Init	8	static
../Core/Src/main.c:488:13:MX_USART2_UART_Init	8	static
../Core/Src/main.c:521:13:MX_USART3_UART_Init	8	static
../Core/Src/main.c:554:13:MX_GPIO_Init	48	static
../Core/Src/main.c:601:6:Error_Handler	4	static,ignoring_inline_asm
